<html>
<body>
<pre>
<h1>µVision Build Log</h1>
<h2>Project:</h2>
C:\Users\Akilan Pughazhendi\Documents\EE445L\ValvanoWareTM4C123\LAB 5\PeriodicTimer0AInts.uvproj
Project File Date:  09/28/2016

<h2>Output:</h2>
Rebuild target 'PeriodicTimer0AInts'
assembling startup.s...
compiling PeriodicTimer0AInts.c...
compiling Timer0A.c...
compiling PLL.c...
compiling DAC.c...
compiling Switch.c...
compiling Music.c...
linking...
Program Size: Code=1640 RO-data=32 RW-data=8 ZI-data=1120  
".\PeriodicTimer0AInts.axf" - 0 Error(s), 0 Warning(s).
</pre>
</body>
</html>
